Flow compiler (3rd generation)

Processing 'orbit' on http server

Result: [4, 5, 6]
VERIFY - THIS OUTPUT NEEDS HUMAN VERIFICATION
