Flow compiler (3rd generation)

Processing 'orbit' on http server

Result: [[1, 2], [3, 4]]
VERIFY - THIS OUTPUT NEEDS HUMAN VERIFICATION
