Flow compiler (3rd generation)

Processing 'orbit' on http server

TODO: Interpret OrSetLiteral: { 1 }
TODO: Interpret OrSetLiteral: { 5 }
Result: 15
VERIFY - THIS OUTPUT NEEDS HUMAN VERIFICATION
