Variable not found: add
Cannot call non-function value: 0
AST name for integer: Int
AST name for double: Double
AST name for string: String
AST name for boolean: Bool
AST name for array: Array
AST name for binary operation: Double
AST name for unary operation: Int
AST name for function call: Double
AST name for function call: +
is_var(a): false
is_var(b): false
is_number(a): true
is_number(c): false
is_string(c): true
is_string(d): false
is_bool(d): true
is_bool(a): false
Number: 42
String: "Hello"
Boolean: true
84
Hello!
false
Result: 0
