5: between 5 and 10
3: less than 5
15: between 11 and 20
25: greater than 20
Result: 0
