Factorial of 5: 120
Factorial of 10: 3628800
Formatted message: Hello, Alice! You are 30 years old.
Sum of array: 75
Original array: [5, 10, 15, 20, 25]
Doubled array: [10, 20, 30, 40, 50]
Result: 0
