Test 1: Should NOT see side effect until eval
Evaluating the expression
sideEffect()
Side effect executed!
Result: 42
Test 2: Conditional evaluation, should only see one side effect
Evaluating true expression
Side effect executed!
Result: 42
Test 3: Lazy arithmetic, evaluations in order
Adding numbers
Result: 42
Result: "Result: 42"
