Original CNF expression:
(((((a ∨ c) ∨ b) ∨ c) ∧ ((b ∨ d) ∨ b)) ∧ ((c ∨ a) ∨ c))
Canonical CNF (sorted and unique):
((((b ∨ d) ∨ b) ∧ ((c ∨ a) ∨ c)) ∧ (((a ∨ c) ∨ b) ∨ c))
Original DNF expression:
(((((a ∧ c) ∧ b) ∧ c) ∨ ((b ∧ d) ∧ b)) ∨ ((c ∧ a) ∧ c))
Canonical DNF (sorted and unique):
((((b ∧ d) ∧ b) ∨ ((c ∧ a) ∧ c)) ∨ (((a ∧ c) ∧ b) ∧ c))
Result: "((((b ∧ d) ∧ b) ∨ ((c ∧ a) ∧ c)) ∨ (((a ∧ c) ∧ b) ∧ c))"
