Testing conditional pattern matching
n = 5
n is greater than zero
Result: "n is greater than zero"
