Original expression: (d * (e + f))
Pattern: (x * (y + z))
Replacement: ((x * y) + (x * z))
Extracted expression ID: 5: (d * (e + f))
Found match at eclass ID: 5
Replacement result: ((1 * 2) + (1 * 3))
Applied 1 rewrites
Rewritten expression: ((1 * 2) + (1 * 3))
Result: ((1 * 2) + (1 * 3))
