A 1b
Result 1: It's one
Result 2: It's two
Result 3: It's three
Result 4: It's something else: 4
Found person named Alice who is 30 years old
Result: 0
