Flow compiler (3rd generation)

Processing 'orbit' on http server

Testing prettyOrbit function

Expression 1: 10 - 20
Expression 2: x + 2

Added nodes with IDs: 1, 2

Graph contents:

Extracted node: "expr1"

Done!
Result: "\nDone!"
VERIFY - THIS OUTPUT NEEDS HUMAN VERIFICATION
