Testing simple conditional pattern matching
n = 5
n is positive
Result: "n is positive"
