Original array: [5, 3, 1, 4, 2]
Sorted ascending: [1, 2, 3, 4, 5]
Sorted descending: [5, 4, 3, 2, 1]
Result of nested function call: 15
Result of multiple sorts and merge: [1, 2, 3, 4, 5, 6]
Result: 0
