α100={* .. WigiDocumentStyle<>}
α30003=[{* .. WigiDocumentStyle<>}]
