α10004={None<α10002> .. *}
Expected .value in None
