α30000={Maybe<int> .. *}
α30001={* .. Maybe<{Maybe<int> .. *}>}
